<?xml version="1.0" encoding="UTF-8" standalone="yes"?>
<pojo>
    <description>else</description>
    <name>anything</name>
</pojo>